// Jest Snapshot v1, https://goo.gl/fbAQLP

exports[`renderuje siÄ™ poprawnie 1`] = `null`;
